     1                                  [org 0x100]
     2                                  
     3 00000000 A1[2300]                mov ax,[num1+2]
     4 00000003 8B1E[2700]              mov bx,[num2+2]
     5 00000007 F7E3                    mul bx
     6                                  mov [temp1],dx:ax
     7          ******************       error: invalid combination of opcode and operands
     8 00000009 A1[2100]                mov ax,[num1]
     9 0000000C F7E3                    mul bx
    10                                  add [temp1],dx:ax
    11          ******************       error: invalid combination of opcode and operands
    12 0000000E A1[2300]                mov ax,[num1+2]
    13 00000011 8B1E[2600]              mov bx,[num2+1]
    14 00000015 F7E3                    mul bx
    15                                  mov [temp2],dx:ax
    16          ******************       error: invalid combination of opcode and operands
    17 00000017 A1[2100]                mov ax,[num1]
    18 0000001A F7E3                    mul bx
    19                                  shl dx:ax,1
    20          ******************       error: invalid combination of opcode and operands
    21                                  add [temp1],dx:ax
    22          ******************       error: invalid combination of opcode and operands
    23                                  
    24 0000001C B8004C                  mov ax,0x4c00
    25 0000001F CD21                    int 0x21
    26                                  
    27 00000021 05000700                num1: dw 5,7
    28 00000025 09000800                num2: dw 9,8
    29 00000029 00000000                temp1: dd 0
    30 0000002D 00000000                temp2: dd 0
